// Jest Snapshot v1, https://goo.gl/fbAQLP

exports[`renders correctly 1`] = `
<img
  alt="Logo for card"
  className="card-title-logo"
  onLoad={[Function]}
  src="http://localhost/my/logo.png"
  style={
    Object {
      "display": "none",
    }
  }
/>
`;

exports[`renders correctly if not given a logoUrl 1`] = `null`;
