// Jest Snapshot v1, https://goo.gl/fbAQLP

exports[`renders correctly 1`] = `
<div
  className="card-wrapper"
>
  <div
    className="card TutorialCard card--logo-right"
    onClick={[Function]}
  >
    <div
      className="card-block"
    >
      <div
        className="card-title-block"
      >
        <div
          className="card-title-block-inner"
        >
          <div
            className="card-title-logo-container"
          >
            <div
              className="card-title-logo-helper"
            />
          </div>
          <h2
            className="card-title large"
            title="Tutorial 1"
          >
            Tutorial 1
          </h2>
        </div>
        <h6
          className="card-subtitle medium"
        />
      </div>
      <div>
        <p>
          Tutorial 1 description.
        </p>
        <p>
          With 
          <em>
            markdown
          </em>
           
          <strong>
            support
          </strong>
          .
        </p>
      </div>
      <div
        className="flight-cardOverlay"
      >
        <button
          className="btn btn-link"
          disabled={false}
          onClick={[Function]}
          type="button"
        >
          <span
            aria-hidden={true}
            className="fa fa-search-plus fa-2x flight-icon flight-icon-search-plus"
            onBlur={[Function]}
            onClick={null}
            onFocus={[Function]}
            onMouseOut={[Function]}
            onMouseOver={[Function]}
          />
        </button>
      </div>
    </div>
  </div>
</div>
`;
