// Jest Snapshot v1, https://goo.gl/fbAQLP

exports[`renders correctly 1`] = `
<div>
  <div>
    dummy terminal
  </div>
  <div>
    <h2>
      My tutorial
    </h2>
    <div>
      <p>
        My tutorial description
      </p>
    </div>
  </div>
  <div>
    <div>
      <h3>
        My step 1
      </h3>
      <div>
        <p>
          My step 1 description
        </p>
      </div>
    </div>
    <div>
      <h3>
        My step 2
      </h3>
      <div>
        <p>
          My step 2 description
        </p>
      </div>
    </div>
  </div>
</div>
`;
