// Jest Snapshot v1, https://goo.gl/fbAQLP

exports[`renders correctly 1`] = `
<div>
  <p>
    Which tutorial do you wish to undertake?
  </p>
  <div>
    <h3>
      Tutorial 1
    </h3>
    <div>
      <p>
        Tutorial 1 description
      </p>
    </div>
    <button
      onClick={[Function]}
    >
      Select
    </button>
  </div>
  <div>
    <h3>
      Tutorial 2
    </h3>
    <div>
      <p>
        Tutorial 2 description
      </p>
    </div>
    <button
      onClick={[Function]}
    >
      Select
    </button>
  </div>
</div>
`;
