// Jest Snapshot v1, https://goo.gl/fbAQLP

exports[`renders correctly (currentStep) 1`] = `
<div>
  <h3>
    My step 1
  </h3>
  <div>
    <p>
      My step 1 description.
    </p>
    <p>
      With 
      <em>
        markdown
      </em>
       
      <strong>
        support
      </strong>
      .
    </p>
  </div>
</div>
`;

exports[`renders correctly (futureStep) 1`] = `null`;

exports[`renders correctly (previousStep) 1`] = `
<div>
  <h3>
    My step 1
  </h3>
  <div>
    <p>
      My step 1 description.
    </p>
    <p>
      With 
      <em>
        markdown
      </em>
       
      <strong>
        support
      </strong>
      .
    </p>
  </div>
</div>
`;
